yarn run v1.19.1
$ nuxt start
ℹ Listening on: http://172.16.252.150:8000/
yarn run v1.19.1
$ nuxt start

 FATAL  Address 0.0.0.0:8000 is already in use.

  at Server.setupListenHandle [as _listen2] (net.js:1335:14)
  at listenInCluster (net.js:1383:12)
  at doListen (net.js:1509:7)
  at process._tickCallback (internal/process/next_tick.js:63:19)


   ╭──────────────────────────────────────────────────────╮
   │                                                      │
   │   ✖ Nuxt Fatal Error                                 │
   │                                                      │
   │   Error: Address `0.0.0.0:8000` is already in use.   │
   │                                                      │
   ╰──────────────────────────────────────────────────────╯

error Command failed with exit code 1.
info Visit https://yarnpkg.com/en/docs/cli/run for documentation about this command.
Killed
yarn run v1.19.1
$ nuxt start
ℹ Listening on: http://172.16.252.150:8000/
yarn run v1.19.1
$ nuxt start

 FATAL  Address 0.0.0.0:8000 is already in use.

  at Server.setupListenHandle [as _listen2] (net.js:1335:14)
  at listenInCluster (net.js:1383:12)
  at doListen (net.js:1509:7)
  at process._tickCallback (internal/process/next_tick.js:63:19)


   ╭──────────────────────────────────────────────────────╮
   │                                                      │
   │   ✖ Nuxt Fatal Error                                 │
   │                                                      │
   │   Error: Address `0.0.0.0:8000` is already in use.   │
   │                                                      │
   ╰──────────────────────────────────────────────────────╯

error Command failed with exit code 1.
info Visit https://yarnpkg.com/en/docs/cli/run for documentation about this command.
yarn run v1.19.1
$ nuxt start

 FATAL  Address 0.0.0.0:8000 is already in use.

  at Server.setupListenHandle [as _listen2] (net.js:1335:14)
  at listenInCluster (net.js:1383:12)
  at doListen (net.js:1509:7)
  at process._tickCallback (internal/process/next_tick.js:63:19)


   ╭──────────────────────────────────────────────────────╮
   │                                                      │
   │   ✖ Nuxt Fatal Error                                 │
   │                                                      │
   │   Error: Address `0.0.0.0:8000` is already in use.   │
   │                                                      │
   ╰──────────────────────────────────────────────────────╯

error Command failed with exit code 1.
info Visit https://yarnpkg.com/en/docs/cli/run for documentation about this command.
yarn run v1.19.1
$ nuxt start

 FATAL  Address 0.0.0.0:8000 is already in use.

  at Server.setupListenHandle [as _listen2] (net.js:1335:14)
  at listenInCluster (net.js:1383:12)
  at doListen (net.js:1509:7)
  at process._tickCallback (internal/process/next_tick.js:63:19)


   ╭──────────────────────────────────────────────────────╮
   │                                                      │
   │   ✖ Nuxt Fatal Error                                 │
   │                                                      │
   │   Error: Address `0.0.0.0:8000` is already in use.   │
   │                                                      │
   ╰──────────────────────────────────────────────────────╯

error Command failed with exit code 1.
info Visit https://yarnpkg.com/en/docs/cli/run for documentation about this command.
yarn run v1.19.1
$ nuxt start

 FATAL  Address 0.0.0.0:8000 is already in use.

  at Server.setupListenHandle [as _listen2] (net.js:1335:14)
  at listenInCluster (net.js:1383:12)
  at doListen (net.js:1509:7)
  at process._tickCallback (internal/process/next_tick.js:63:19)


   ╭──────────────────────────────────────────────────────╮
   │                                                      │
   │   ✖ Nuxt Fatal Error                                 │
   │                                                      │
   │   Error: Address `0.0.0.0:8000` is already in use.   │
   │                                                      │
   ╰──────────────────────────────────────────────────────╯

error Command failed with exit code 1.
info Visit https://yarnpkg.com/en/docs/cli/run for documentation about this command.
yarn run v1.19.1
$ nuxt start

 FATAL  Address 0.0.0.0:8000 is already in use.

  at Server.setupListenHandle [as _listen2] (net.js:1335:14)
  at listenInCluster (net.js:1383:12)
  at doListen (net.js:1509:7)
  at process._tickCallback (internal/process/next_tick.js:63:19)


   ╭──────────────────────────────────────────────────────╮
   │                                                      │
   │   ✖ Nuxt Fatal Error                                 │
   │                                                      │
   │   Error: Address `0.0.0.0:8000` is already in use.   │
   │                                                      │
   ╰──────────────────────────────────────────────────────╯

error Command failed with exit code 1.
info Visit https://yarnpkg.com/en/docs/cli/run for documentation about this command.
yarn run v1.19.1
$ nuxt start

 FATAL  Address 0.0.0.0:8000 is already in use.

  at Server.setupListenHandle [as _listen2] (net.js:1335:14)
  at listenInCluster (net.js:1383:12)
  at doListen (net.js:1509:7)
  at process._tickCallback (internal/process/next_tick.js:63:19)


   ╭──────────────────────────────────────────────────────╮
   │                                                      │
   │   ✖ Nuxt Fatal Error                                 │
   │                                                      │
   │   Error: Address `0.0.0.0:8000` is already in use.   │
   │                                                      │
   ╰──────────────────────────────────────────────────────╯

error Command failed with exit code 1.
info Visit https://yarnpkg.com/en/docs/cli/run for documentation about this command.
yarn run v1.19.1
$ nuxt start

 FATAL  Address 0.0.0.0:8000 is already in use.

  at Server.setupListenHandle [as _listen2] (net.js:1335:14)
  at listenInCluster (net.js:1383:12)
  at doListen (net.js:1509:7)
  at process._tickCallback (internal/process/next_tick.js:63:19)


   ╭──────────────────────────────────────────────────────╮
   │                                                      │
   │   ✖ Nuxt Fatal Error                                 │
   │                                                      │
   │   Error: Address `0.0.0.0:8000` is already in use.   │
   │                                                      │
   ╰──────────────────────────────────────────────────────╯

error Command failed with exit code 1.
info Visit https://yarnpkg.com/en/docs/cli/run for documentation about this command.
yarn run v1.19.1
$ nuxt start

 FATAL  Address 0.0.0.0:8000 is already in use.

  at Server.setupListenHandle [as _listen2] (net.js:1335:14)
  at listenInCluster (net.js:1383:12)
  at doListen (net.js:1509:7)
  at process._tickCallback (internal/process/next_tick.js:63:19)


   ╭──────────────────────────────────────────────────────╮
   │                                                      │
   │   ✖ Nuxt Fatal Error                                 │
   │                                                      │
   │   Error: Address `0.0.0.0:8000` is already in use.   │
   │                                                      │
   ╰──────────────────────────────────────────────────────╯

error Command failed with exit code 1.
info Visit https://yarnpkg.com/en/docs/cli/run for documentation about this command.
yarn run v1.19.1
$ nuxt start

 FATAL  Address 0.0.0.0:8000 is already in use.

  at Server.setupListenHandle [as _listen2] (net.js:1335:14)
  at listenInCluster (net.js:1383:12)
  at doListen (net.js:1509:7)
  at process._tickCallback (internal/process/next_tick.js:63:19)


   ╭──────────────────────────────────────────────────────╮
   │                                                      │
   │   ✖ Nuxt Fatal Error                                 │
   │                                                      │
   │   Error: Address `0.0.0.0:8000` is already in use.   │
   │                                                      │
   ╰──────────────────────────────────────────────────────╯

error Command failed with exit code 1.
info Visit https://yarnpkg.com/en/docs/cli/run for documentation about this command.
yarn run v1.19.1
$ nuxt start

 FATAL  Address 0.0.0.0:8000 is already in use.

  at Server.setupListenHandle [as _listen2] (net.js:1335:14)
  at listenInCluster (net.js:1383:12)
  at doListen (net.js:1509:7)
  at process._tickCallback (internal/process/next_tick.js:63:19)


   ╭──────────────────────────────────────────────────────╮
   │                                                      │
   │   ✖ Nuxt Fatal Error                                 │
   │                                                      │
   │   Error: Address `0.0.0.0:8000` is already in use.   │
   │                                                      │
   ╰──────────────────────────────────────────────────────╯

error Command failed with exit code 1.
info Visit https://yarnpkg.com/en/docs/cli/run for documentation about this command.
Killed
yarn run v1.19.1
$ nuxt start
ℹ Listening on: http://172.16.252.150:8000/

 ERROR  Cannot read property 'split' of undefined

  at n (server.js:1:2889)
  at f.interceptors.request.use.e (server.js:1:1738)

Killed
error Command failed with exit code 137.
info Visit https://yarnpkg.com/en/docs/cli/run for documentation about this command.
yarn run v1.19.1
$ nuxt start
ℹ Listening on: http://172.16.252.150:8000/
Killed
error Command failed with exit code 137.
info Visit https://yarnpkg.com/en/docs/cli/run for documentation about this command.
yarn run v1.19.1
$ nuxt start
ℹ Listening on: http://172.16.252.150:8000/

 ERROR  window is not defined

  at Object.<anonymous> (node_modules/tinymce/tinymce.js:28250:3)
  at Module._compile (internal/modules/cjs/loader.js:689:30)
  at Object.Module._extensions..js (internal/modules/cjs/loader.js:700:10)
  at Module.load (internal/modules/cjs/loader.js:599:32)
  at tryModuleLoad (internal/modules/cjs/loader.js:538:12)
  at Function.Module._load (internal/modules/cjs/loader.js:530:3)
  at Module.require (internal/modules/cjs/loader.js:637:17)
  at require (internal/modules/cjs/helpers.js:20:18)
  at node_modules/vue-server-renderer/build.prod.js:1:77688
  at Object.<anonymous> (server.js:1:315652)

Killed
error Command failed with exit code 137.
info Visit https://yarnpkg.com/en/docs/cli/run for documentation about this command.
yarn run v1.19.1
$ nuxt start
ℹ Listening on: http://172.16.252.150:8000/

 ERROR  window is not defined

  at Object.<anonymous> (node_modules/tinymce/tinymce.js:28250:3)
  at Module._compile (internal/modules/cjs/loader.js:689:30)
  at Object.Module._extensions..js (internal/modules/cjs/loader.js:700:10)
  at Module.load (internal/modules/cjs/loader.js:599:32)
  at tryModuleLoad (internal/modules/cjs/loader.js:538:12)
  at Function.Module._load (internal/modules/cjs/loader.js:530:3)
  at Module.require (internal/modules/cjs/loader.js:637:17)
  at require (internal/modules/cjs/helpers.js:20:18)
  at node_modules/vue-server-renderer/build.prod.js:1:77688
  at Object.<anonymous> (server.js:1:315652)


 ERROR  Cannot read property 'split' of undefined

  at n (server.js:1:2889)
  at f.interceptors.request.use.e (server.js:1:1738)


 ERROR  Cannot read property 'split' of undefined

  at n (server.js:1:2889)
  at f.interceptors.request.use.e (server.js:1:1738)

Killed
error Command failed with exit code 137.
info Visit https://yarnpkg.com/en/docs/cli/run for documentation about this command.
yarn run v1.19.1
$ nuxt start
ℹ Listening on: http://172.16.252.150:8000/

 ERROR  Cannot set headers after they are sent to the client

  at ServerResponse.setHeader (_http_outgoing.js:471:11)
  at setHeadersFromObject (node_modules/on-headers/index.js:94:16)
  at ServerResponse.setWriteHeadHeaders (node_modules/on-headers/index.js:122:5)
  at ServerResponse.writeHead (node_modules/on-headers/index.js:30:36)
  at Object.o [as next] (server.js:1:312817)
  at e.context.e.context.redirect (server.js:1:291818)
  at Object.then.catch (server.js:1:10097)
  at process._tickCallback (internal/process/next_tick.js:68:7)

Killed
error Command failed with exit code 137.
info Visit https://yarnpkg.com/en/docs/cli/run for documentation about this command.
yarn run v1.19.1
$ nuxt start
ℹ Listening on: http://172.16.252.150:8000/
Request failed with status code 404

  at createError (node_modules/axios/lib/core/createError.js:16:15)
  at settle (node_modules/axios/lib/core/settle.js:17:12)
  at IncomingMessage.handleStreamEnd (node_modules/axios/lib/adapters/http.js:237:11)
  at IncomingMessage.emit (events.js:187:15)
  at IncomingMessage.EventEmitter.emit (domain.js:442:20)
  at endReadableNT (_stream_readable.js:1081:12)
  at process._tickCallback (internal/process/next_tick.js:63:19)
Request failed with status code 404

  at createError (node_modules/axios/lib/core/createError.js:16:15)
  at settle (node_modules/axios/lib/core/settle.js:17:12)
  at IncomingMessage.handleStreamEnd (node_modules/axios/lib/adapters/http.js:237:11)
  at IncomingMessage.emit (events.js:187:15)
  at IncomingMessage.EventEmitter.emit (domain.js:442:20)
  at endReadableNT (_stream_readable.js:1081:12)
  at process._tickCallback (internal/process/next_tick.js:63:19)
Request failed with status code 404

  at createError (node_modules/axios/lib/core/createError.js:16:15)
  at settle (node_modules/axios/lib/core/settle.js:17:12)
  at IncomingMessage.handleStreamEnd (node_modules/axios/lib/adapters/http.js:237:11)
  at IncomingMessage.emit (events.js:187:15)
  at IncomingMessage.EventEmitter.emit (domain.js:442:20)
  at endReadableNT (_stream_readable.js:1081:12)
  at process._tickCallback (internal/process/next_tick.js:63:19)
Killed
error Command failed with exit code 137.
info Visit https://yarnpkg.com/en/docs/cli/run for documentation about this command.
yarn run v1.19.1
$ nuxt start
ℹ Listening on: http://172.16.252.150:8000/

 ERROR  Cannot set headers after they are sent to the client

  at ServerResponse.setHeader (_http_outgoing.js:471:11)
  at setHeadersFromObject (node_modules/on-headers/index.js:94:16)
  at ServerResponse.setWriteHeadHeaders (node_modules/on-headers/index.js:122:5)
  at ServerResponse.writeHead (node_modules/on-headers/index.js:30:36)
  at Object.o [as next] (server.js:1:319398)
  at e.context.e.context.redirect (server.js:1:296949)
  at Object.then.catch (server.js:1:11601)
  at process._tickCallback (internal/process/next_tick.js:68:7)


 ERROR  Cannot set headers after they are sent to the client

  at ServerResponse.setHeader (_http_outgoing.js:471:11)
  at setHeadersFromObject (node_modules/on-headers/index.js:94:16)
  at ServerResponse.setWriteHeadHeaders (node_modules/on-headers/index.js:122:5)
  at ServerResponse.writeHead (node_modules/on-headers/index.js:30:36)
  at Object.o [as next] (server.js:1:319398)
  at e.context.e.context.redirect (server.js:1:296949)
  at Object.then.catch (server.js:1:11601)
  at process._tickCallback (internal/process/next_tick.js:68:7)


 ERROR  Cannot set headers after they are sent to the client

  at ServerResponse.setHeader (_http_outgoing.js:471:11)
  at setHeadersFromObject (node_modules/on-headers/index.js:94:16)
  at ServerResponse.setWriteHeadHeaders (node_modules/on-headers/index.js:122:5)
  at ServerResponse.writeHead (node_modules/on-headers/index.js:30:36)
  at Object.o [as next] (server.js:1:319398)
  at e.context.e.context.redirect (server.js:1:296949)
  at Object.then.catch (server.js:1:11601)
  at process._tickCallback (internal/process/next_tick.js:68:7)


 ERROR  Cannot set headers after they are sent to the client

  at ServerResponse.setHeader (_http_outgoing.js:471:11)
  at setHeadersFromObject (node_modules/on-headers/index.js:94:16)
  at ServerResponse.setWriteHeadHeaders (node_modules/on-headers/index.js:122:5)
  at ServerResponse.writeHead (node_modules/on-headers/index.js:30:36)
  at Object.o [as next] (server.js:1:319398)
  at e.context.e.context.redirect (server.js:1:296949)
  at Object.then.catch (server.js:1:11601)
  at process._tickCallback (internal/process/next_tick.js:68:7)


 ERROR  Cannot set headers after they are sent to the client

  at ServerResponse.setHeader (_http_outgoing.js:471:11)
  at setHeadersFromObject (node_modules/on-headers/index.js:94:16)
  at ServerResponse.setWriteHeadHeaders (node_modules/on-headers/index.js:122:5)
  at ServerResponse.writeHead (node_modules/on-headers/index.js:30:36)
  at Object.o [as next] (server.js:1:319398)
  at e.context.e.context.redirect (server.js:1:296949)
  at Object.then.catch (server.js:1:11601)
  at process._tickCallback (internal/process/next_tick.js:68:7)

Killed
error Command failed with exit code 137.
info Visit https://yarnpkg.com/en/docs/cli/run for documentation about this command.
yarn run v1.19.1
$ nuxt start
ℹ Listening on: http://172.16.252.150:8000/

 ERROR  Cannot set headers after they are sent to the client

  at ServerResponse.setHeader (_http_outgoing.js:471:11)
  at setHeadersFromObject (node_modules/on-headers/index.js:94:16)
  at ServerResponse.setWriteHeadHeaders (node_modules/on-headers/index.js:122:5)
  at ServerResponse.writeHead (node_modules/on-headers/index.js:30:36)
  at Object.o [as next] (server.js:1:319398)
  at e.context.e.context.redirect (server.js:1:296949)
  at Object.then.catch (server.js:1:11601)
  at process._tickCallback (internal/process/next_tick.js:68:7)


 ERROR  Cannot set headers after they are sent to the client

  at ServerResponse.setHeader (_http_outgoing.js:471:11)
  at setHeadersFromObject (node_modules/on-headers/index.js:94:16)
  at ServerResponse.setWriteHeadHeaders (node_modules/on-headers/index.js:122:5)
  at ServerResponse.writeHead (node_modules/on-headers/index.js:30:36)
  at Object.o [as next] (server.js:1:319398)
  at e.context.e.context.redirect (server.js:1:296949)
  at Object.then.catch (server.js:1:11601)
  at process._tickCallback (internal/process/next_tick.js:68:7)


 ERROR  Cannot set headers after they are sent to the client

  at ServerResponse.setHeader (_http_outgoing.js:471:11)
  at setHeadersFromObject (node_modules/on-headers/index.js:94:16)
  at ServerResponse.setWriteHeadHeaders (node_modules/on-headers/index.js:122:5)
  at ServerResponse.writeHead (node_modules/on-headers/index.js:30:36)
  at Object.o [as next] (server.js:1:319398)
  at e.context.e.context.redirect (server.js:1:296949)
  at Object.then.catch (server.js:1:11601)
  at process._tickCallback (internal/process/next_tick.js:68:7)


 ERROR  Cannot set headers after they are sent to the client

  at ServerResponse.setHeader (_http_outgoing.js:471:11)
  at setHeadersFromObject (node_modules/on-headers/index.js:94:16)
  at ServerResponse.setWriteHeadHeaders (node_modules/on-headers/index.js:122:5)
  at ServerResponse.writeHead (node_modules/on-headers/index.js:30:36)
  at Object.o [as next] (server.js:1:319398)
  at e.context.e.context.redirect (server.js:1:296949)
  at Object.then.catch (server.js:1:11601)
  at process._tickCallback (internal/process/next_tick.js:68:7)

yarn run v1.19.1
$ nuxt start
ℹ Listening on: http://172.16.252.150:8000/
Request failed with status code 404

  at createError (node_modules/axios/lib/core/createError.js:16:15)
  at settle (node_modules/axios/lib/core/settle.js:17:12)
  at IncomingMessage.handleStreamEnd (node_modules/axios/lib/adapters/http.js:237:11)
  at IncomingMessage.emit (events.js:187:15)
  at IncomingMessage.EventEmitter.emit (domain.js:442:20)
  at endReadableNT (_stream_readable.js:1081:12)
  at process._tickCallback (internal/process/next_tick.js:63:19)
Killed
error Command failed with exit code 137.
info Visit https://yarnpkg.com/en/docs/cli/run for documentation about this command.
yarn run v1.19.1
$ nuxt start
ℹ Listening on: http://172.16.252.150:8000/
Killed
error Command failed with exit code 137.
info Visit https://yarnpkg.com/en/docs/cli/run for documentation about this command.
yarn run v1.19.1
$ nuxt start
ℹ Listening on: http://172.16.252.150:8000/
Request failed with status code 404

  at createError (node_modules/axios/lib/core/createError.js:16:15)
  at settle (node_modules/axios/lib/core/settle.js:17:12)
  at IncomingMessage.handleStreamEnd (node_modules/axios/lib/adapters/http.js:237:11)
  at IncomingMessage.emit (events.js:187:15)
  at IncomingMessage.EventEmitter.emit (domain.js:442:20)
  at endReadableNT (_stream_readable.js:1081:12)
  at process._tickCallback (internal/process/next_tick.js:63:19)
Request failed with status code 404

  at createError (node_modules/axios/lib/core/createError.js:16:15)
  at settle (node_modules/axios/lib/core/settle.js:17:12)
  at IncomingMessage.handleStreamEnd (node_modules/axios/lib/adapters/http.js:237:11)
  at IncomingMessage.emit (events.js:187:15)
  at IncomingMessage.EventEmitter.emit (domain.js:442:20)
  at endReadableNT (_stream_readable.js:1081:12)
  at process._tickCallback (internal/process/next_tick.js:63:19)
Killed
error Command failed with exit code 137.
info Visit https://yarnpkg.com/en/docs/cli/run for documentation about this command.
